******************************************************************************
            TI ARM Clang Linker Unix v4.0.3                    
******************************************************************************
>> Linked Mon Feb  9 07:51:54 2026

OUTPUT FILE NAME:   </tmp/build/hsm.elf>
ENTRY POINT SYMBOL: "_c_int00_noargs"  address: 00025ded


MEMORY CONFIGURATION

         name            origin    length      used     unused   attr    fill
----------------------  --------  ---------  --------  --------  ----  --------
  BOOTLOADER            00000000   00006000  00000000  00006000  R  X
  K_FLASH               00006000   00008000  00000374  00007c8c  R  X
  SECURE_STORAGE        0000e000   00002000  00000041  00001fbf  R   
  U_FLASH               00024000   00014000  00002418  00011be8  R  X
  FAT                   0003a000   00000400  00000000  00000400  RW  
  K_STAGE               0003a400   00005c00  00000007  00005bf9  RW  
  U_SRAM                20200000   00006000  00002204  00003dfc  RW  
  K_SRAM                20206000   00002000  00000413  00001bed  RW  
  BCR_CONFIG            41c00000   000000ff  00000000  000000ff  R   
  BSL_CONFIG            41c00100   00000080  00000000  00000080  R   


SEGMENT ALLOCATION MAP

run origin  load origin   length   init length attrs members
----------  ----------- ---------- ----------- ----- -------
00006000    00006000    00000378   00000378    r-x
  00006000    00006000    000000c0   000000c0    r-- .intvecs
  000060c0    000060c0    000001dc   000001dc    r-x .k_code
  000062a0    000062a0    000000d8   000000d8    r-- .cinit
0000e000    0000e000    00000041   00000000    rw-
  0000e000    0000e000    00000041   00000000    rw- .k_const
00024000    00024000    00001fe8   00001fe8    r-x
  00024000    00024000    00001fe8   00001fe8    r-x .text
00025ff0    00025ff0    00000430   00000430    r--
  00025ff0    00025ff0    00000430   00000430    r-- .rodata
0003a400    0003a400    00000007   00000000    rw-
  0003a400    0003a400    00000007   00000000    rw- .k_stage
20200000    20200000    00002204   00000000    rw-
  20200000    20200000    00000108   00000000    rw- .data
  20200108    20200108    000020fc   00000000    rw- .bss
20206000    20206000    0000000b   00000000    rw-
  20206000    20206000    0000000b   00000000    rw- .k_vars
20207bf8    20207bf8    00000408   00000000    rw-
  20207bf8    20207bf8    00000408   00000000    rw- .stack


SECTION ALLOCATION MAP

 output                                  attributes/
section   page    origin      length       input sections
--------  ----  ----------  ----------   ----------------
.intvecs   0    00006000    000000c0     
                  00006000    000000c0     startup_mspm0l222x_ticlang.so (.intvecs)

.k_code    0    000060c0    000001dc     
                  000060c0    00000094     kernel.so (.kernel_code)
                  00006154    00000070     syscalls.so (.kernel_code)
                  000061c4    00000048     syscalls.so (.kernel_code)
                  0000620c    00000004     HSM.so (.kernel_code)
                  00006210    00000034     startup_mspm0l222x_ticlang.so (.kernel_code)
                  00006244    00000030     syscalls.so (.kernel_code)
                  00006274    0000000a     kernel.so (.kernel_code)
                  0000627e    00000008     kernel.so (.kernel_code)
                  00006286    00000004     startup_mspm0l222x_ticlang.so (.kernel_code)
                  0000628a    00000002     startup_mspm0l222x_ticlang.so (.kernel_code)
                  0000628c    00000010     libc.a : boot_cortex_m.c.obj (.tramp._c_int00_noargs.1)

.cinit     0    000062a0    000000d8     
                  000062a0    00000049     (.cinit..k_const.load) [load image]
                  000062e9    00000035     (.cinit..data.load) [load image, compression = lzss]
                  0000631e    0000000c     (.cinit..k_vars.load) [load image, compression = lzss]
                  0000632a    00000002     --HOLE-- [fill = 0]
                  0000632c    0000000c     (__TI_handler_table)
                  00006338    0000000b     (.cinit..k_stage.load) [load image, compression = lzss]
                  00006343    00000001     --HOLE-- [fill = 0]
                  00006344    00000008     (.cinit..bss.load) [load image, compression = zero_init]
                  0000634c    00000028     (__TI_cinit_table)
                  00006374    00000004     --HOLE-- [fill = 0]

.binit     0    00006000    00000000     

.k_const   0    0000e000    00000041     UNINITIALIZED
                  0000e000    00000041     kernel.so (.kernel_const)

.text      0    00024000    00001fe8     
                  00024000    00000868     libc.a : _printfi.c.obj (.text:__TI_printfi_nofloat)
                  00024868    00000284     commands.so (.text.listen)
                  00024aec    00000238     HSM.so (.text.boot_flag)
                  00024d24    00000220     host_messaging.so (.text.write_bytes)
                  00024f44    000001c8     commands.so (.text.list)
                  0002510c    00000170     host_messaging.so (.text.write_packet)
                  0002527c    00000150     HSM.so (.text.start_user_loop)
                  000253cc    00000120     host_messaging.so (.text.read_packet)
                  000254ec    000000d4     commands.so (.text.read)
                  000255c0    000000c4     commands.so (.text.receive)
                  00025684    000000b0     filesystem.so (.text.write_file)
                  00025734    000000a8     commands.so (.text.write)
                  000257dc    000000a2     libclang_rt.builtins.a : udivmoddi4.S.obj (.text)
                  0002587e    00000002                            : aeabi_div0.c.obj (.text.__aeabi_idiv0)
                  00025880    00000084     kernel.so (.text.print_current_mode)
                  00025904    0000007c     host_messaging.so (.text.read_bytes)
                  00025980    0000007c     libc.a : copy_decompress_lzss.c.obj (.text:decompress:lzss)
                  000259fc    00000074     commands.so (.text.interrogate)
                  00025a70    00000060     libc.a : fflush.c.obj (.text.fflush)
                  00025ad0    0000005c     filesystem.so (.text.create_file)
                  00025b2c    00000056     libclang_rt.builtins.a : aeabi_idivmod.S.obj (.text.__aeabi_idivmod)
                  00025b82    00000002                            : aeabi_div0.c.obj (.text.__aeabi_ldiv0)
                  00025b84    00000054     security.so (.text.validate_permission)
                  00025bd8    00000052     libc.a : fflush.c.obj (.text.__TI_doflush)
                  00025c2a    00000002            : _lock.c.obj (.text._nop)
                  00025c2c    00000040     libclang_rt.builtins.a : aeabi_uidivmod.S.obj (.text.__aeabi_uidivmod)
                  00025c6c    00000040     libc.a : atoi.c.obj (.text.atoi)
                  00025cac    00000040     filesystem.so (.text.is_slot_in_use)
                  00025cec    0000003c     libc.a : autoinit.c.obj (.text:__TI_auto_init_nobinit_nopinit)
                  00025d28    0000003a     libclang_rt.builtins.a : muldsi3.S.obj (.text.__muldsi3)
                  00025d62    00000002     --HOLE-- [fill = 0]
                  00025d64    00000038     libc.a : sprintf.c.obj (.text.sprintf)
                  00025d9c    00000028     simple_uart.so (.text.uart_readbyte)
                  00025dc4    00000028     simple_uart.so (.text.uart_writebyte)
                  00025dec    00000028     libc.a : boot_cortex_m.c.obj (.text:_c_int00_noargs)
                  00025e14    00000024     libclang_rt.builtins.a : muldi3.S.obj (.text.__muldi3)
                  00025e38    00000024     filesystem.so (.text.read_file)
                  00025e5c    00000022     libc.a : memccpy.c.obj (.text.memccpy)
                  00025e7e    00000002     --HOLE-- [fill = 0]
                  00025e80    0000001e     libclang_rt.builtins.a : ashldi3.S.obj (.text.__ashldi3)
                  00025e9e    00000018     libc.a : sprintf.c.obj (.text._outs)
                  00025eb6    00000002     --HOLE-- [fill = 0]
                  00025eb8    00000018     security.so (.text.check_pin)
                  00025ed0    00000018     filesystem.so (.text.init_fs)
                  00025ee8    00000014     libclang_rt.builtins.a : aeabi_uldivmod.S.obj (.text.__aeabi_uldivmod)
                  00025efc    00000012     libc.a : memcpy16.S.obj (.text:TI_memcpy_small)
                  00025f0e    00000012            : copy_decompress_none.c.obj (.text:decompress:none)
                  00025f20    00000010     simple_flash.so (.text.flash_simple_erase_page)
                  00025f30    00000010     filesystem.so (.text.get_file_metadata)
                  00025f40    00000010     libc.a : wcslen.c.obj (.text.wcslen)
                  00025f50    00000010            : copy_zero_init.c.obj (.text:decompress:ZI)
                  00025f60    0000000e     libclang_rt.builtins.a : aeabi_memset.S.obj (.text.__aeabi_memset)
                  00025f6e    0000000e     simple_flash.so (.text.flash_simple_read)
                  00025f7c    0000000e     libc.a : _printfi.c.obj (.text.strlen)
                  00025f8a    0000000e            : memset16.S.obj (.text:TI_memset_small)
                  00025f98    0000000c     libclang_rt.builtins.a : aeabi_memset.S.obj (.text.__aeabi_memclr)
                  00025fa4    0000000a     libc.a : sprintf.c.obj (.text._outc)
                  00025fae    0000000a     simple_flash.so (.text.flash_simple_write)
                  00025fb8    0000000a     syscalls.so (.text.svc_print)
                  00025fc2    00000002     --HOLE-- [fill = 0]
                  00025fc4    00000008     libc.a : aeabi_portable.c.obj (.text.__aeabi_errno_addr)
                  00025fcc    00000008     libclang_rt.builtins.a : aeabi_memcpy.S.obj (.text.__aeabi_memcpy)
                  00025fd4    00000006     libc.a : exit.c.obj (.text:abort)
                  00025fda    00000004     libsysbm.a : hostexit.c.obj (.text.HOSTexit)
                  00025fde    00000004     libc.a : pre_init.c.obj (.text._system_pre_init)
                  00025fe2    00000006     --HOLE-- [fill = 0]

.k_stage   0    0003a400    00000007     UNINITIALIZED
                  0003a400    00000007     kernel.so (.kernel_stage)

.rodata    0    00025ff0    00000430     
                  00025ff0    00000101     libc.a : aeabi_ctype.S.obj (.rodata:__aeabi_ctype_table_)
                  000260f1    00000003     --HOLE-- [fill = 0]
                  000260f4    00000070     HSM.so (.rodata.aseiFuengleR)
                  00026164    00000070     HSM.so (.rodata.djFIehjkklIH)
                  000261d4    00000030     commands.so (.rodata.global_permissions)
                  00026204    00000028     security.so (.rodata.str1.14636297346666122087.1)
                  0002622c    00000025     kernel.so (.rodata.str1.4771607217190368642.1)
                  00026251    00000021     HSM.so (.rodata.str1.4687765153875520375.1)
                  00026272    00000021     HSM.so (.rodata.str1.9139563525933058544.1)
                  00026293    0000001d     commands.so (.rodata.str1.15179235114755329755.1)
                  000262b0    00000019     HSM.so (.rodata.str1.16205345788846938073.1)
                  000262c9    00000018     commands.so (.rodata.str1.17057213435189433806.1)
                  000262e1    00000016     HSM.so (.rodata.str1.7681004804771732080.1)
                  000262f7    00000015     HSM.so (.rodata.str1.12344550375461735477.1)
                  0002630c    00000015     HSM.so (.rodata.str1.4675157103294875481.1)
                  00026321    00000014     commands.so (.rodata.str1.2889176683340596013.1)
                  00026335    00000014     syscalls.so (.rodata.str1.4945617856158546500.1)
                  00026349    00000013     commands.so (.rodata.str1.11800150416316251349.1)
                  0002635c    00000013     commands.so (.rodata.str1.5704520785843620317.1)
                  0002636f    00000011     libc.a : _printfi.c.obj (.rodata.str1.10348868589481759720.1)
                  00026380    00000011     commands.so (.rodata.str1.13592396192941798191.1)
                  00026391    00000011     libc.a : _printfi.c.obj (.rodata.str1.15363888844622738466.1)
                  000263a2    00000011     HSM.so (.rodata.str1.6619654372880483561.1)
                  000263b3    00000010     commands.so (.rodata.str1.5036184575616159320.1)
                  000263c3    0000000e     security.so (.rodata.str1.13551825260513018151.1)
                  000263d1    0000000d     kernel.so (.rodata.str1.13362516677928293051.1)
                  000263de    0000000c     commands.so (.rodata.str1.8101483911672409188.1)
                  000263ea    0000000b     kernel.so (.rodata.str1.8268748216614744607.1)
                  000263f5    00000008     kernel.so (.rodata.str1.1374514543942119490.1)
                  000263fd    00000007     HSM.so (.rodata.str1.244085508093716304.1)
                  00026404    00000007     kernel.so (.rodata.str1.3518033317785269978.1)
                  0002640b    00000004     kernel.so (.rodata.str1.10299939505971197200.1)
                  0002640f    00000004     kernel.so (.rodata.str1.16687381903941207096.1)
                  00026413    0000000d     --HOLE-- [fill = 0]

.init_array 
*          0    00024000    00000000     UNINITIALIZED

.data      0    20200000    00000108     UNINITIALIZED
                  20200000    000000f0     libc.a : defs.c.obj (.data._ftable)
                  202000f0    00000008     simple_uart.so (.data.uart_bases)
                  202000f8    00000004     libc.a : defs.c.obj (.data.__TI_ft_end)
                  202000fc    00000004            : aeabi_portable.c.obj (.data.__aeabi_errno)
                  20200100    00000004            : _lock.c.obj (.data._lock)
                  20200104    00000004            : _lock.c.obj (.data._unlock)

.bss       0    20200108    000020fc     UNINITIALIZED
                  20200108    0000203b     HSM.so (.bss.uart_buf)
                  20202143    00000001     --HOLE--
                  20202144    000000c0     filesystem.so (.bss.FILE_ALLOCATION_TABLE)

.k_vars    0    20206000    0000000b     UNINITIALIZED
                  20206000    00000006     kernel.so (.kernel_data)
                  20206006    00000005     kernel.so (.kernel_bss)

.stack     0    20207bf8    00000408     UNINITIALIZED
                  20207bf8    00000400     --HOLE--
                  20207ff8    00000004     libc.a : boot_cortex_m.c.obj (.stack)
                  20207ffc    00000004     --HOLE--

__llvm_prf_cnts 
*          0    20200000    00000000     UNINITIALIZED

__llvm_prf_bits 
*          0    20200000    00000000     UNINITIALIZED

MODULE SUMMARY

       Module                          code   ro data   rw data
       ------                          ----   -------   -------
    /tmp/build/
       HSM.so                          908    403       8251   
       commands.so                     1792   204       0      
       host_messaging.so               1324   0         0      
       filesystem.so                   408    0         192    
       kernel.so                       298    84        83     
       syscalls.so                     242    20        0      
       startup_mspm0l222x_ticlang.so   58     192       0      
       security.so                     108    54        0      
       simple_uart.so                  80     0         8      
       simple_flash.so                 40     0         0      
    +--+-------------------------------+------+---------+---------+
       Total:                          5258   957       8534   
                                                               
    /opt/ti-cgt-armllvm_4.0.3.LTS/lib/armv6m-ti-none-eabi/c/libc.a
       _printfi.c.obj                  2166   34        0      
       aeabi_ctype.S.obj               0      257       0      
       defs.c.obj                      0      0         244    
       fflush.c.obj                    178    0         0      
       copy_decompress_lzss.c.obj      124    0         0      
       sprintf.c.obj                   90     0         0      
       atoi.c.obj                      64     0         0      
       autoinit.c.obj                  60     0         0      
       boot_cortex_m.c.obj             56     0         0      
       memccpy.c.obj                   34     0         0      
       copy_decompress_none.c.obj      18     0         0      
       memcpy16.S.obj                  18     0         0      
       copy_zero_init.c.obj            16     0         0      
       wcslen.c.obj                    16     0         0      
       memset16.S.obj                  14     0         0      
       aeabi_portable.c.obj            8      0         4      
       _lock.c.obj                     2      0         8      
       exit.c.obj                      6      0         0      
       pre_init.c.obj                  4      0         0      
    +--+-------------------------------+------+---------+---------+
       Total:                          2874   291       256    
                                                               
    /opt/ti-cgt-armllvm_4.0.3.LTS/lib/armv6m-ti-none-eabi/c/libsysbm.a
       hostexit.c.obj                  4      0         0      
    +--+-------------------------------+------+---------+---------+
       Total:                          4      0         0      
                                                               
    /opt/ti-cgt-armllvm_4.0.3.LTS/lib/armv6m-ti-none-eabi/libclang_rt.builtins.a
       udivmoddi4.S.obj                162    0         0      
       aeabi_idivmod.S.obj             86     0         0      
       aeabi_uidivmod.S.obj            64     0         0      
       muldsi3.S.obj                   58     0         0      
       muldi3.S.obj                    36     0         0      
       ashldi3.S.obj                   30     0         0      
       aeabi_memset.S.obj              26     0         0      
       aeabi_uldivmod.S.obj            20     0         0      
       aeabi_memcpy.S.obj              8      0         0      
       aeabi_div0.c.obj                4      0         0      
    +--+-------------------------------+------+---------+---------+
       Total:                          494    0         0      
                                                               
       Stack:                          0      0         1032   
       Linker Generated:               0      209       0      
    +--+-------------------------------+------+---------+---------+
       Grand Total:                    8630   1457      9822   


LINKER GENERATED COPY TABLES

__TI_cinit_table @ 0000634c records: 5, size/record: 8, table size: 40
	.k_const: load addr=000062a0, load size=00000049 bytes, run addr=0000e000, run size=00000041 bytes, compression=copy
	.data: load addr=000062e9, load size=00000035 bytes, run addr=20200000, run size=00000108 bytes, compression=lzss
	.k_vars: load addr=0000631e, load size=0000000c bytes, run addr=20206000, run size=0000000b bytes, compression=lzss
	.k_stage: load addr=00006338, load size=0000000b bytes, run addr=0003a400, run size=00000007 bytes, compression=lzss
	.bss: load addr=00006344, load size=00000008 bytes, run addr=20200108, run size=000020fc bytes, compression=zero_init


LINKER GENERATED HANDLER TABLE

__TI_handler_table @ 0000632c records: 3, size/record: 4, table size: 12
	index: 0, handler: __TI_decompress_lzss
	index: 1, handler: __TI_decompress_none
	index: 2, handler: __TI_zero_init


FAR CALL TRAMPOLINES

callee name               trampoline name
   callee addr  tramp addr   call addr  call info
--------------  -----------  ---------  ----------------
_c_int00_noargs           $Tramp$TT$L$PI$$_c_int00_noargs
   00025ded     0000628c     00006286   startup_mspm0l222x_ticlang.so (.kernel_code)

[1 trampolines]
[1 trampoline calls]


GLOBAL SYMBOLS: SORTED ALPHABETICALLY BY Name 

address   name                          
-------   ----                          
0000628b  ADC0_IRQHandler               
0000628b  AESADV_IRQHandler             
00025fda  C$$EXIT                       
0000628b  DMA_IRQHandler                
0000628b  Default_Handler               
0000628b  GROUP0_IRQHandler             
0000628b  GROUP1_IRQHandler             
00025fdb  HOSTexit                      
0000628b  HardFault_Handler             
0000628b  I2C0_IRQHandler               
0000628b  I2C1_IRQHandler               
0000628b  I2C2_IRQHandler               
0000628b  LCD_IRQHandler                
0000628b  LFSS_IRQHandler               
0000628b  NMI_Handler                   
0000628b  PendSV_Handler                
00006287  Reset_Handler                 
0000628b  SPI0_IRQHandler               
0000628b  SPI1_IRQHandler               
00006211  SVC_Handler                   
0000628b  SysTick_Handler               
0000628b  TIMA0_IRQHandler              
0000628b  TIMG0_IRQHandler              
0000628b  TIMG12_IRQHandler             
0000628b  TIMG4_IRQHandler              
0000628b  TIMG5_IRQHandler              
0000628b  TIMG8_IRQHandler              
00025efd  TI_memcpy_small               
00025f8b  TI_memset_small               
0000628b  UART0_IRQHandler              
0000628b  UART1_IRQHandler              
0000628b  UART2_IRQHandler              
0000628b  UART3_IRQHandler              
0000628b  UART4_IRQHandler              
20208000  __STACK_END                   
00000408  __STACK_SIZE                  
00000000  __TI_ATRegion0_region_sz      
00000000  __TI_ATRegion0_src_addr       
00000000  __TI_ATRegion0_trg_addr       
00000000  __TI_ATRegion1_region_sz      
00000000  __TI_ATRegion1_src_addr       
00000000  __TI_ATRegion1_trg_addr       
00000000  __TI_ATRegion2_region_sz      
00000000  __TI_ATRegion2_src_addr       
00000000  __TI_ATRegion2_trg_addr       
0000634c  __TI_CINIT_Base               
00006374  __TI_CINIT_Limit              
00006374  __TI_CINIT_Warm               
0000632c  __TI_Handler_Table_Base       
00006338  __TI_Handler_Table_Limit      
00025ced  __TI_auto_init_nobinit_nopinit
00025981  __TI_decompress_lzss          
00025f0f  __TI_decompress_none          
00025bd9  __TI_doflush                  
202000f8  __TI_ft_end                   
ffffffff  __TI_pprof_out_hndl           
00024001  __TI_printfi_nofloat          
ffffffff  __TI_prof_data_size           
ffffffff  __TI_prof_data_start          
000062a0  __TI_static_base__            
00025f51  __TI_zero_init                
00025ff0  __aeabi_ctype_table_          
00025ff0  __aeabi_ctype_table_C         
202000fc  __aeabi_errno                 
00025fc5  __aeabi_errno_addr            
00025b2d  __aeabi_idiv                  
0002587f  __aeabi_idiv0                 
00025b2d  __aeabi_idivmod               
00025b83  __aeabi_ldiv0                 
00025e81  __aeabi_llsl                  
00025e15  __aeabi_lmul                  
00025f99  __aeabi_memclr                
00025f99  __aeabi_memclr4               
00025f99  __aeabi_memclr8               
00025fcd  __aeabi_memcpy                
00025fcd  __aeabi_memcpy4               
00025fcd  __aeabi_memcpy8               
00025f61  __aeabi_memset                
00025f61  __aeabi_memset4               
00025f61  __aeabi_memset8               
00025c2d  __aeabi_uidiv                 
00025c2d  __aeabi_uidivmod              
00025ee9  __aeabi_uldivmod              
00025e81  __ashldi3                     
ffffffff  __binit__                     
UNDEFED   __mpu_init                    
00025e15  __muldi3                      
00025d29  __muldsi3                     
20207ff8  __stack                       
20200000  __start___llvm_prf_bits       
20200000  __start___llvm_prf_cnts       
20200000  __stop___llvm_prf_bits        
20200000  __stop___llvm_prf_cnts        
000257dd  __udivmoddi4                  
00025ded  _c_int00_noargs               
20200000  _ftable                       
20200100  _lock                         
00025c2b  _nop                          
UNDEFED   _system_post_cinit            
00025fdf  _system_pre_init              
20200104  _unlock                       
00025fd5  abort                         
000260f4  aseiFuengleR                  
00025c6d  atoi                          
ffffffff  binit                         
00024aed  boot_flag                     
00025eb9  check_pin                     
00025ad1  create_file                   
00026164  djFIehjkklIH                  
00025a71  fflush                        
00025f21  flash_simple_erase_page       
00025f6f  flash_simple_read             
00025faf  flash_simple_write            
00025f31  get_file_metadata             
0000627f  init                          
00025ed1  init_fs                       
000259fd  interrogate                   
00006000  interruptVectors              
00025cad  is_slot_in_use                
20206006  kbss                          
20206000  kdata                         
0000e000  ksecret                       
0003a400  kstage                        
00024f45  list                          
00024869  listen                        
0000620d  main                          
00025e5d  memccpy                       
00025881  print_current_mode            
000254ed  read                          
00025905  read_bytes                    
00025e39  read_file                     
000253cd  read_packet                   
000255c1  receive                       
000060c1  setup_mpu_layout              
00025d65  sprintf                       
00006275  start_kernel                  
0002527d  start_user_loop               
000061c5  svc_handler_logic             
00025fb9  svc_print                     
00006155  syscall_start_user_loop       
00006245  syscall_svc_print             
202000f0  uart_bases                    
00025d9d  uart_readbyte                 
00025dc5  uart_writebyte                
00025b85  validate_permission           
00025f41  wcslen                        
00025735  write                         
00024d25  write_bytes                   
00025685  write_file                    
0002510d  write_packet                  


GLOBAL SYMBOLS: SORTED BY Symbol Address 

address   name                          
-------   ----                          
00000000  __TI_ATRegion0_region_sz      
00000000  __TI_ATRegion0_src_addr       
00000000  __TI_ATRegion0_trg_addr       
00000000  __TI_ATRegion1_region_sz      
00000000  __TI_ATRegion1_src_addr       
00000000  __TI_ATRegion1_trg_addr       
00000000  __TI_ATRegion2_region_sz      
00000000  __TI_ATRegion2_src_addr       
00000000  __TI_ATRegion2_trg_addr       
00000408  __STACK_SIZE                  
00006000  interruptVectors              
000060c1  setup_mpu_layout              
00006155  syscall_start_user_loop       
000061c5  svc_handler_logic             
0000620d  main                          
00006211  SVC_Handler                   
00006245  syscall_svc_print             
00006275  start_kernel                  
0000627f  init                          
00006287  Reset_Handler                 
0000628b  ADC0_IRQHandler               
0000628b  AESADV_IRQHandler             
0000628b  DMA_IRQHandler                
0000628b  Default_Handler               
0000628b  GROUP0_IRQHandler             
0000628b  GROUP1_IRQHandler             
0000628b  HardFault_Handler             
0000628b  I2C0_IRQHandler               
0000628b  I2C1_IRQHandler               
0000628b  I2C2_IRQHandler               
0000628b  LCD_IRQHandler                
0000628b  LFSS_IRQHandler               
0000628b  NMI_Handler                   
0000628b  PendSV_Handler                
0000628b  SPI0_IRQHandler               
0000628b  SPI1_IRQHandler               
0000628b  SysTick_Handler               
0000628b  TIMA0_IRQHandler              
0000628b  TIMG0_IRQHandler              
0000628b  TIMG12_IRQHandler             
0000628b  TIMG4_IRQHandler              
0000628b  TIMG5_IRQHandler              
0000628b  TIMG8_IRQHandler              
0000628b  UART0_IRQHandler              
0000628b  UART1_IRQHandler              
0000628b  UART2_IRQHandler              
0000628b  UART3_IRQHandler              
0000628b  UART4_IRQHandler              
000062a0  __TI_static_base__            
0000632c  __TI_Handler_Table_Base       
00006338  __TI_Handler_Table_Limit      
0000634c  __TI_CINIT_Base               
00006374  __TI_CINIT_Limit              
00006374  __TI_CINIT_Warm               
0000e000  ksecret                       
00024001  __TI_printfi_nofloat          
00024869  listen                        
00024aed  boot_flag                     
00024d25  write_bytes                   
00024f45  list                          
0002510d  write_packet                  
0002527d  start_user_loop               
000253cd  read_packet                   
000254ed  read                          
000255c1  receive                       
00025685  write_file                    
00025735  write                         
000257dd  __udivmoddi4                  
0002587f  __aeabi_idiv0                 
00025881  print_current_mode            
00025905  read_bytes                    
00025981  __TI_decompress_lzss          
000259fd  interrogate                   
00025a71  fflush                        
00025ad1  create_file                   
00025b2d  __aeabi_idiv                  
00025b2d  __aeabi_idivmod               
00025b83  __aeabi_ldiv0                 
00025b85  validate_permission           
00025bd9  __TI_doflush                  
00025c2b  _nop                          
00025c2d  __aeabi_uidiv                 
00025c2d  __aeabi_uidivmod              
00025c6d  atoi                          
00025cad  is_slot_in_use                
00025ced  __TI_auto_init_nobinit_nopinit
00025d29  __muldsi3                     
00025d65  sprintf                       
00025d9d  uart_readbyte                 
00025dc5  uart_writebyte                
00025ded  _c_int00_noargs               
00025e15  __aeabi_lmul                  
00025e15  __muldi3                      
00025e39  read_file                     
00025e5d  memccpy                       
00025e81  __aeabi_llsl                  
00025e81  __ashldi3                     
00025eb9  check_pin                     
00025ed1  init_fs                       
00025ee9  __aeabi_uldivmod              
00025efd  TI_memcpy_small               
00025f0f  __TI_decompress_none          
00025f21  flash_simple_erase_page       
00025f31  get_file_metadata             
00025f41  wcslen                        
00025f51  __TI_zero_init                
00025f61  __aeabi_memset                
00025f61  __aeabi_memset4               
00025f61  __aeabi_memset8               
00025f6f  flash_simple_read             
00025f8b  TI_memset_small               
00025f99  __aeabi_memclr                
00025f99  __aeabi_memclr4               
00025f99  __aeabi_memclr8               
00025faf  flash_simple_write            
00025fb9  svc_print                     
00025fc5  __aeabi_errno_addr            
00025fcd  __aeabi_memcpy                
00025fcd  __aeabi_memcpy4               
00025fcd  __aeabi_memcpy8               
00025fd5  abort                         
00025fda  C$$EXIT                       
00025fdb  HOSTexit                      
00025fdf  _system_pre_init              
00025ff0  __aeabi_ctype_table_          
00025ff0  __aeabi_ctype_table_C         
000260f4  aseiFuengleR                  
00026164  djFIehjkklIH                  
0003a400  kstage                        
20200000  __start___llvm_prf_bits       
20200000  __start___llvm_prf_cnts       
20200000  __stop___llvm_prf_bits        
20200000  __stop___llvm_prf_cnts        
20200000  _ftable                       
202000f0  uart_bases                    
202000f8  __TI_ft_end                   
202000fc  __aeabi_errno                 
20200100  _lock                         
20200104  _unlock                       
20206000  kdata                         
20206006  kbss                          
20207ff8  __stack                       
20208000  __STACK_END                   
ffffffff  __TI_pprof_out_hndl           
ffffffff  __TI_prof_data_size           
ffffffff  __TI_prof_data_start          
ffffffff  __binit__                     
ffffffff  binit                         
UNDEFED   __mpu_init                    
UNDEFED   _system_post_cinit            

[150 symbols]
